// Jest Snapshot v1, https://goo.gl/fbAQLP

exports[`BPMSlider Component renders correctly 1`] = `ReactWrapper {}`;
