// Jest Snapshot v1, https://goo.gl/fbAQLP

exports[`SearchBar SearchBar renders correctly with a target prop 1`] = `ReactWrapper {}`;
